# run=moe_continue params=9,536,512 config={"run_name": "moe_continue", "steps": 1000, "batch_size": 32, "lr": 0.0005, "min_lr": 5e-05, "warmup": 50, "weight_decay": 0.1, "aux_coef": 0.01, "grad_clip": 1.0, "eval_every": 100, "eval_batches": 20, "log_every": 10, "seed": 1337, "step_offset": 1500} model={"vocab_size": 65, "seq_len": 128, "d_model": 256, "n_layers": 4, "n_heads": 4, "d_ff": 1024}
step     0 (global  1500) | lr 0.00e+00 | train_ce 1.2912 | aux 4.1603 | EVAL train 1.3039 val 1.5286 | experts [0.27,0.36,0.14,0.23] [0.16,0.36,0.29,0.20] [0.30,0.30,0.26,0.14] [0.36,0.30,0.09,0.25]
step    10 (global  1510) | lr 1.00e-04 | train_ce 1.3206 | aux 4.0788 | experts [0.25,0.33,0.16,0.26] [0.19,0.30,0.27,0.24] [0.28,0.28,0.26,0.17] [0.33,0.29,0.12,0.26]
step    20 (global  1520) | lr 2.00e-04 | train_ce 1.3483 | aux 4.0088 | experts [0.27,0.24,0.24,0.24] [0.27,0.23,0.23,0.27] [0.24,0.24,0.25,0.28] [0.26,0.24,0.21,0.28]
step    30 (global  1530) | lr 3.00e-04 | train_ce 1.3179 | aux 4.0239 | experts [0.26,0.22,0.31,0.21] [0.27,0.22,0.26,0.25] [0.23,0.25,0.22,0.31] [0.19,0.27,0.28,0.27]
step    40 (global  1540) | lr 4.00e-04 | train_ce 1.3227 | aux 4.0154 | experts [0.21,0.27,0.26,0.25] [0.23,0.25,0.27,0.26] [0.31,0.24,0.23,0.22] [0.24,0.29,0.23,0.24]
step    50 (global  1550) | lr 5.00e-04 | train_ce 1.3955 | aux 4.0280 | experts [0.31,0.25,0.21,0.23] [0.22,0.32,0.25,0.21] [0.21,0.30,0.29,0.20] [0.29,0.22,0.24,0.24]
step    60 (global  1560) | lr 5.00e-04 | train_ce 1.3475 | aux 4.0197 | experts [0.27,0.25,0.23,0.25] [0.25,0.21,0.26,0.29] [0.24,0.22,0.27,0.27] [0.32,0.27,0.21,0.20]
step    70 (global  1570) | lr 5.00e-04 | train_ce 1.4114 | aux 4.0269 | experts [0.25,0.30,0.23,0.22] [0.28,0.27,0.22,0.23] [0.30,0.20,0.22,0.28] [0.23,0.29,0.19,0.30]
step    80 (global  1580) | lr 4.99e-04 | train_ce 1.3612 | aux 4.0154 | experts [0.22,0.32,0.22,0.23] [0.24,0.24,0.22,0.29] [0.28,0.24,0.22,0.26] [0.25,0.28,0.25,0.23]
step    90 (global  1590) | lr 4.98e-04 | train_ce 1.3836 | aux 4.0284 | experts [0.20,0.30,0.29,0.21] [0.21,0.25,0.32,0.21] [0.23,0.28,0.28,0.21] [0.22,0.31,0.24,0.23]
step   100 (global  1600) | lr 4.97e-04 | train_ce 1.3754 | aux 4.0367 | EVAL train 1.3714 val 1.5848 | experts [0.25,0.35,0.22,0.18] [0.28,0.25,0.23,0.24] [0.28,0.20,0.25,0.27] [0.30,0.20,0.24,0.25]
step   110 (global  1610) | lr 4.96e-04 | train_ce 1.3692 | aux 4.0347 | experts [0.30,0.31,0.21,0.18] [0.29,0.20,0.21,0.30] [0.25,0.26,0.21,0.28] [0.27,0.27,0.19,0.27]
step   120 (global  1620) | lr 4.94e-04 | train_ce 1.3869 | aux 4.0130 | experts [0.30,0.27,0.19,0.24] [0.25,0.23,0.27,0.25] [0.28,0.27,0.22,0.24] [0.25,0.28,0.23,0.25]
step   130 (global  1630) | lr 4.92e-04 | train_ce 1.3841 | aux 4.0317 | experts [0.24,0.29,0.26,0.20] [0.25,0.29,0.22,0.24] [0.16,0.23,0.34,0.27] [0.23,0.24,0.25,0.28]
step   140 (global  1640) | lr 4.90e-04 | train_ce 1.3692 | aux 4.0285 | experts [0.20,0.34,0.21,0.25] [0.29,0.25,0.24,0.23] [0.24,0.23,0.23,0.31] [0.22,0.23,0.28,0.28]
step   150 (global  1650) | lr 4.88e-04 | train_ce 1.3367 | aux 4.0276 | experts [0.22,0.35,0.23,0.20] [0.21,0.28,0.28,0.23] [0.23,0.27,0.24,0.26] [0.24,0.26,0.24,0.26]
step   160 (global  1660) | lr 4.86e-04 | train_ce 1.3737 | aux 4.0232 | experts [0.28,0.31,0.23,0.17] [0.22,0.29,0.24,0.26] [0.25,0.28,0.22,0.25] [0.22,0.26,0.22,0.29]
step   170 (global  1670) | lr 4.83e-04 | train_ce 1.3837 | aux 4.0428 | experts [0.31,0.33,0.19,0.17] [0.25,0.25,0.24,0.26] [0.28,0.18,0.31,0.24] [0.26,0.24,0.22,0.27]
step   180 (global  1680) | lr 4.80e-04 | train_ce 1.3265 | aux 4.0376 | experts [0.30,0.34,0.18,0.18] [0.25,0.25,0.21,0.29] [0.22,0.24,0.27,0.28] [0.26,0.24,0.25,0.25]
step   190 (global  1690) | lr 4.77e-04 | train_ce 1.3302 | aux 4.0254 | experts [0.25,0.33,0.22,0.20] [0.22,0.25,0.29,0.24] [0.21,0.26,0.27,0.27] [0.25,0.26,0.23,0.26]
step   200 (global  1700) | lr 4.73e-04 | train_ce 1.3203 | aux 4.0171 | EVAL train 1.3552 val 1.5771 | experts [0.23,0.32,0.26,0.20] [0.26,0.23,0.27,0.24] [0.25,0.25,0.24,0.26] [0.22,0.26,0.25,0.28]
step   210 (global  1710) | lr 4.70e-04 | train_ce 1.3236 | aux 4.0261 | experts [0.25,0.31,0.20,0.23] [0.26,0.19,0.27,0.28] [0.25,0.23,0.26,0.25] [0.21,0.28,0.24,0.27]
step   220 (global  1720) | lr 4.66e-04 | train_ce 1.3050 | aux 4.0362 | experts [0.28,0.32,0.23,0.17] [0.29,0.27,0.17,0.27] [0.23,0.24,0.26,0.27] [0.27,0.27,0.24,0.23]
step   230 (global  1730) | lr 4.62e-04 | train_ce 1.3573 | aux 4.0251 | experts [0.27,0.32,0.25,0.16] [0.23,0.28,0.22,0.27] [0.23,0.27,0.25,0.26] [0.23,0.27,0.26,0.24]
step   240 (global  1740) | lr 4.57e-04 | train_ce 1.3278 | aux 4.0336 | experts [0.29,0.32,0.22,0.18] [0.25,0.21,0.28,0.26] [0.28,0.21,0.23,0.27] [0.28,0.23,0.22,0.27]
step   250 (global  1750) | lr 4.53e-04 | train_ce 1.2990 | aux 4.0517 | experts [0.32,0.33,0.21,0.14] [0.25,0.22,0.26,0.27] [0.26,0.19,0.31,0.24] [0.25,0.22,0.26,0.28]
step   260 (global  1760) | lr 4.48e-04 | train_ce 1.2943 | aux 4.0321 | experts [0.21,0.33,0.26,0.19] [0.29,0.26,0.20,0.25] [0.23,0.30,0.24,0.22] [0.25,0.30,0.21,0.24]
step   270 (global  1770) | lr 4.44e-04 | train_ce 1.3529 | aux 4.0303 | experts [0.24,0.33,0.27,0.17] [0.19,0.24,0.29,0.28] [0.25,0.28,0.23,0.24] [0.25,0.26,0.25,0.23]
step   280 (global  1780) | lr 4.39e-04 | train_ce 1.3440 | aux 4.0490 | experts [0.28,0.34,0.20,0.18] [0.21,0.24,0.27,0.28] [0.25,0.20,0.29,0.26] [0.29,0.26,0.22,0.23]
step   290 (global  1790) | lr 4.33e-04 | train_ce 1.3396 | aux 4.0374 | experts [0.26,0.34,0.19,0.21] [0.28,0.27,0.20,0.25] [0.22,0.23,0.28,0.27] [0.24,0.27,0.23,0.26]
step   300 (global  1800) | lr 4.28e-04 | train_ce 1.3929 | aux 4.0410 | EVAL train 1.3326 val 1.5523 | experts [0.28,0.34,0.17,0.21] [0.25,0.25,0.24,0.26] [0.31,0.23,0.23,0.23] [0.25,0.25,0.23,0.26]
step   310 (global  1810) | lr 4.22e-04 | train_ce 1.3078 | aux 4.0424 | experts [0.27,0.33,0.22,0.18] [0.29,0.19,0.27,0.25] [0.26,0.24,0.24,0.25] [0.20,0.25,0.28,0.27]
step   320 (global  1820) | lr 4.17e-04 | train_ce 1.3684 | aux 4.0222 | experts [0.26,0.31,0.24,0.20] [0.25,0.22,0.25,0.27] [0.22,0.28,0.27,0.23] [0.27,0.27,0.25,0.21]
step   330 (global  1830) | lr 4.11e-04 | train_ce 1.3053 | aux 4.0442 | experts [0.26,0.32,0.22,0.20] [0.15,0.30,0.25,0.30] [0.24,0.30,0.24,0.22] [0.24,0.27,0.25,0.25]
step   340 (global  1840) | lr 4.05e-04 | train_ce 1.3255 | aux 4.0410 | experts [0.23,0.34,0.24,0.19] [0.26,0.27,0.25,0.22] [0.25,0.29,0.20,0.26] [0.21,0.26,0.27,0.25]
step   350 (global  1850) | lr 3.99e-04 | train_ce 1.3146 | aux 4.0388 | experts [0.27,0.30,0.26,0.16] [0.23,0.22,0.27,0.27] [0.23,0.18,0.30,0.28] [0.28,0.24,0.23,0.25]
step   360 (global  1860) | lr 3.92e-04 | train_ce 1.2845 | aux 4.0343 | experts [0.31,0.31,0.20,0.18] [0.25,0.25,0.24,0.26] [0.27,0.24,0.21,0.28] [0.25,0.27,0.20,0.28]
step   370 (global  1870) | lr 3.86e-04 | train_ce 1.3433 | aux 4.0328 | experts [0.26,0.32,0.19,0.22] [0.21,0.25,0.25,0.28] [0.21,0.31,0.26,0.22] [0.26,0.22,0.25,0.26]
step   380 (global  1880) | lr 3.79e-04 | train_ce 1.3328 | aux 4.0245 | experts [0.27,0.30,0.21,0.21] [0.22,0.26,0.24,0.27] [0.26,0.20,0.29,0.25] [0.27,0.24,0.27,0.22]
step   390 (global  1890) | lr 3.73e-04 | train_ce 1.2921 | aux 4.0328 | experts [0.25,0.33,0.20,0.23] [0.21,0.25,0.26,0.28] [0.25,0.24,0.24,0.28] [0.24,0.25,0.24,0.26]
step   400 (global  1900) | lr 3.66e-04 | train_ce 1.2781 | aux 4.0421 | EVAL train 1.3058 val 1.5481 | experts [0.27,0.33,0.20,0.20] [0.25,0.21,0.25,0.29] [0.26,0.28,0.21,0.25] [0.26,0.27,0.23,0.24]
step   410 (global  1910) | lr 3.59e-04 | train_ce 1.3025 | aux 4.0257 | experts [0.28,0.31,0.23,0.18] [0.24,0.22,0.29,0.25] [0.26,0.26,0.23,0.26] [0.25,0.25,0.27,0.23]
step   420 (global  1920) | lr 3.52e-04 | train_ce 1.3308 | aux 4.0247 | experts [0.26,0.32,0.20,0.21] [0.24,0.27,0.26,0.24] [0.24,0.26,0.27,0.23] [0.23,0.27,0.23,0.26]
step   430 (global  1930) | lr 3.45e-04 | train_ce 1.2419 | aux 4.0143 | experts [0.26,0.28,0.27,0.18] [0.27,0.22,0.25,0.26] [0.24,0.25,0.26,0.26] [0.23,0.25,0.28,0.24]
step   440 (global  1940) | lr 3.38e-04 | train_ce 1.2852 | aux 4.0283 | experts [0.26,0.31,0.21,0.23] [0.21,0.25,0.27,0.27] [0.27,0.21,0.29,0.23] [0.23,0.27,0.26,0.24]
step   450 (global  1950) | lr 3.31e-04 | train_ce 1.2567 | aux 4.0249 | experts [0.26,0.30,0.20,0.24] [0.28,0.24,0.21,0.26] [0.22,0.30,0.24,0.24] [0.26,0.23,0.27,0.25]
step   460 (global  1960) | lr 3.24e-04 | train_ce 1.3241 | aux 4.0204 | experts [0.24,0.32,0.24,0.20] [0.24,0.25,0.26,0.25] [0.25,0.24,0.26,0.24] [0.25,0.27,0.24,0.24]
step   470 (global  1970) | lr 3.16e-04 | train_ce 1.2752 | aux 4.0227 | experts [0.23,0.31,0.26,0.20] [0.26,0.23,0.25,0.26] [0.27,0.21,0.25,0.27] [0.26,0.26,0.25,0.23]
step   480 (global  1980) | lr 3.09e-04 | train_ce 1.3158 | aux 4.0170 | experts [0.25,0.30,0.23,0.23] [0.27,0.22,0.27,0.24] [0.24,0.24,0.23,0.28] [0.24,0.26,0.24,0.26]
step   490 (global  1990) | lr 3.02e-04 | train_ce 1.3034 | aux 4.0391 | experts [0.27,0.32,0.21,0.19] [0.19,0.27,0.26,0.28] [0.26,0.27,0.26,0.21] [0.26,0.28,0.22,0.24]
step   500 (global  2000) | lr 2.94e-04 | train_ce 1.3111 | aux 4.0264 | EVAL train 1.2801 val 1.5327 | experts [0.27,0.31,0.19,0.23] [0.22,0.27,0.24,0.27] [0.24,0.22,0.27,0.27] [0.25,0.26,0.25,0.24]
step   510 (global  2010) | lr 2.87e-04 | train_ce 1.3056 | aux 4.0202 | experts [0.27,0.31,0.22,0.19] [0.27,0.28,0.22,0.23] [0.25,0.26,0.24,0.25] [0.25,0.25,0.27,0.24]
step   520 (global  2020) | lr 2.79e-04 | train_ce 1.2439 | aux 4.0225 | experts [0.26,0.31,0.23,0.20] [0.28,0.23,0.26,0.24] [0.21,0.27,0.26,0.26] [0.24,0.26,0.26,0.24]
step   530 (global  2030) | lr 2.72e-04 | train_ce 1.2850 | aux 4.0209 | experts [0.21,0.30,0.25,0.24] [0.22,0.24,0.27,0.27] [0.23,0.25,0.23,0.29] [0.26,0.24,0.25,0.25]
step   540 (global  2040) | lr 2.65e-04 | train_ce 1.2769 | aux 4.0208 | experts [0.22,0.31,0.24,0.23] [0.27,0.26,0.24,0.23] [0.27,0.23,0.23,0.28] [0.23,0.25,0.24,0.28]
step   550 (global  2050) | lr 2.57e-04 | train_ce 1.2249 | aux 4.0220 | experts [0.24,0.31,0.20,0.25] [0.24,0.25,0.23,0.27] [0.22,0.28,0.27,0.23] [0.25,0.22,0.28,0.26]
step   560 (global  2060) | lr 2.50e-04 | train_ce 1.2765 | aux 4.0157 | experts [0.24,0.30,0.25,0.21] [0.26,0.25,0.23,0.26] [0.22,0.28,0.25,0.25] [0.22,0.25,0.28,0.25]
step   570 (global  2070) | lr 2.42e-04 | train_ce 1.2558 | aux 4.0241 | experts [0.27,0.30,0.24,0.19] [0.26,0.26,0.22,0.26] [0.24,0.22,0.28,0.26] [0.24,0.27,0.23,0.26]
step   580 (global  2080) | lr 2.35e-04 | train_ce 1.3540 | aux 4.0236 | experts [0.27,0.30,0.23,0.20] [0.24,0.24,0.23,0.29] [0.27,0.21,0.26,0.27] [0.27,0.25,0.24,0.24]
step   590 (global  2090) | lr 2.28e-04 | train_ce 1.2258 | aux 4.0138 | experts [0.27,0.30,0.22,0.22] [0.23,0.27,0.25,0.24] [0.25,0.25,0.23,0.26] [0.26,0.24,0.25,0.25]
step   600 (global  2100) | lr 2.20e-04 | train_ce 1.2523 | aux 4.0315 | EVAL train 1.2499 val 1.5193 | experts [0.24,0.30,0.26,0.20] [0.27,0.27,0.23,0.23] [0.24,0.24,0.20,0.32] [0.23,0.25,0.25,0.27]
step   610 (global  2110) | lr 2.13e-04 | train_ce 1.2228 | aux 4.0136 | experts [0.26,0.29,0.26,0.19] [0.24,0.24,0.27,0.25] [0.26,0.25,0.26,0.23] [0.23,0.27,0.25,0.25]
step   620 (global  2120) | lr 2.06e-04 | train_ce 1.2612 | aux 4.0208 | experts [0.25,0.31,0.21,0.23] [0.28,0.23,0.26,0.23] [0.26,0.23,0.28,0.23] [0.25,0.26,0.25,0.24]
step   630 (global  2130) | lr 1.99e-04 | train_ce 1.2039 | aux 4.0129 | experts [0.25,0.29,0.24,0.22] [0.27,0.22,0.25,0.25] [0.26,0.27,0.24,0.24] [0.24,0.25,0.24,0.27]
step   640 (global  2140) | lr 1.92e-04 | train_ce 1.2576 | aux 4.0163 | experts [0.25,0.30,0.22,0.23] [0.21,0.28,0.26,0.25] [0.25,0.27,0.24,0.25] [0.23,0.27,0.26,0.24]
step   650 (global  2150) | lr 1.85e-04 | train_ce 1.1631 | aux 4.0083 | experts [0.25,0.28,0.23,0.24] [0.25,0.24,0.26,0.25] [0.24,0.24,0.25,0.26] [0.25,0.25,0.24,0.27]
step   660 (global  2160) | lr 1.79e-04 | train_ce 1.2212 | aux 4.0185 | experts [0.23,0.30,0.25,0.22] [0.27,0.28,0.22,0.23] [0.27,0.23,0.23,0.26] [0.25,0.24,0.24,0.26]
step   670 (global  2170) | lr 1.72e-04 | train_ce 1.1880 | aux 4.0158 | experts [0.25,0.30,0.22,0.24] [0.26,0.23,0.25,0.26] [0.23,0.26,0.25,0.26] [0.27,0.24,0.25,0.25]
step   680 (global  2180) | lr 1.65e-04 | train_ce 1.1671 | aux 4.0122 | experts [0.26,0.29,0.23,0.22] [0.24,0.25,0.24,0.28] [0.24,0.26,0.25,0.25] [0.25,0.27,0.24,0.24]
step   690 (global  2190) | lr 1.59e-04 | train_ce 1.2270 | aux 4.0097 | experts [0.23,0.30,0.24,0.23] [0.25,0.25,0.24,0.26] [0.26,0.25,0.24,0.25] [0.25,0.26,0.25,0.25]
step   700 (global  2200) | lr 1.53e-04 | train_ce 1.2440 | aux 4.0199 | EVAL train 1.2262 val 1.5063 | experts [0.24,0.30,0.24,0.22] [0.26,0.23,0.22,0.29] [0.23,0.28,0.22,0.27] [0.24,0.24,0.26,0.26]
step   710 (global  2210) | lr 1.46e-04 | train_ce 1.1841 | aux 4.0214 | experts [0.23,0.31,0.23,0.23] [0.23,0.24,0.28,0.25] [0.26,0.24,0.27,0.23] [0.22,0.27,0.26,0.24]
step   720 (global  2220) | lr 1.40e-04 | train_ce 1.1402 | aux 4.0170 | experts [0.22,0.30,0.23,0.25] [0.25,0.27,0.24,0.24] [0.26,0.22,0.23,0.28] [0.25,0.26,0.24,0.24]
step   730 (global  2230) | lr 1.34e-04 | train_ce 1.2405 | aux 4.0069 | experts [0.24,0.29,0.22,0.26] [0.25,0.26,0.24,0.25] [0.24,0.25,0.25,0.26] [0.25,0.26,0.25,0.24]
step   740 (global  2240) | lr 1.29e-04 | train_ce 1.1962 | aux 4.0111 | experts [0.25,0.29,0.25,0.22] [0.23,0.24,0.27,0.26] [0.25,0.25,0.25,0.24] [0.23,0.26,0.25,0.26]
step   750 (global  2250) | lr 1.23e-04 | train_ce 1.2026 | aux 4.0150 | experts [0.27,0.29,0.22,0.22] [0.28,0.24,0.22,0.25] [0.23,0.28,0.24,0.25] [0.24,0.24,0.28,0.24]
step   760 (global  2260) | lr 1.18e-04 | train_ce 1.1740 | aux 4.0147 | experts [0.25,0.31,0.23,0.22] [0.25,0.25,0.24,0.26] [0.25,0.24,0.27,0.25] [0.26,0.26,0.26,0.23]
step   770 (global  2270) | lr 1.13e-04 | train_ce 1.1914 | aux 4.0106 | experts [0.25,0.30,0.23,0.23] [0.26,0.25,0.25,0.24] [0.25,0.23,0.26,0.26] [0.24,0.25,0.24,0.26]
step   780 (global  2280) | lr 1.07e-04 | train_ce 1.2270 | aux 4.0128 | experts [0.24,0.30,0.24,0.22] [0.26,0.27,0.24,0.24] [0.27,0.24,0.25,0.24] [0.23,0.27,0.26,0.24]
step   790 (global  2290) | lr 1.03e-04 | train_ce 1.1629 | aux 4.0113 | experts [0.24,0.30,0.23,0.23] [0.24,0.26,0.24,0.26] [0.25,0.24,0.25,0.26] [0.25,0.26,0.24,0.26]
step   800 (global  2300) | lr 9.79e-05 | train_ce 1.1605 | aux 4.0082 | EVAL train 1.2039 val 1.5049 | experts [0.25,0.29,0.24,0.22] [0.27,0.24,0.25,0.24] [0.23,0.25,0.26,0.25] [0.25,0.27,0.24,0.25]
step   810 (global  2310) | lr 9.34e-05 | train_ce 1.1893 | aux 4.0145 | experts [0.24,0.29,0.23,0.24] [0.27,0.26,0.24,0.23] [0.24,0.24,0.24,0.27] [0.22,0.26,0.24,0.27]
step   820 (global  2320) | lr 8.91e-05 | train_ce 1.1906 | aux 4.0100 | experts [0.26,0.29,0.24,0.22] [0.26,0.26,0.23,0.24] [0.24,0.24,0.26,0.26] [0.24,0.26,0.24,0.26]
step   830 (global  2330) | lr 8.50e-05 | train_ce 1.2000 | aux 4.0109 | experts [0.24,0.29,0.23,0.23] [0.23,0.24,0.27,0.26] [0.26,0.26,0.24,0.24] [0.24,0.26,0.24,0.26]
step   840 (global  2340) | lr 8.11e-05 | train_ce 1.1909 | aux 4.0097 | experts [0.25,0.30,0.23,0.22] [0.24,0.25,0.26,0.24] [0.24,0.28,0.26,0.22] [0.24,0.26,0.26,0.24]
step   850 (global  2350) | lr 7.75e-05 | train_ce 1.1588 | aux 4.0139 | experts [0.26,0.29,0.24,0.21] [0.25,0.25,0.24,0.26] [0.25,0.24,0.25,0.26] [0.26,0.27,0.23,0.24]
step   860 (global  2360) | lr 7.40e-05 | train_ce 1.1630 | aux 4.0061 | experts [0.25,0.28,0.22,0.25] [0.25,0.26,0.25,0.24] [0.24,0.26,0.26,0.25] [0.23,0.25,0.26,0.26]
step   870 (global  2370) | lr 7.08e-05 | train_ce 1.1342 | aux 4.0057 | experts [0.24,0.27,0.25,0.24] [0.25,0.23,0.27,0.25] [0.24,0.26,0.26,0.24] [0.25,0.25,0.26,0.25]
step   880 (global  2380) | lr 6.78e-05 | train_ce 1.1755 | aux 4.0043 | experts [0.24,0.28,0.24,0.24] [0.26,0.24,0.25,0.25] [0.25,0.26,0.26,0.23] [0.26,0.25,0.26,0.24]
step   890 (global  2390) | lr 6.50e-05 | train_ce 1.2142 | aux 4.0091 | experts [0.24,0.30,0.23,0.24] [0.25,0.25,0.24,0.26] [0.25,0.25,0.25,0.25] [0.24,0.24,0.25,0.26]
step   900 (global  2400) | lr 6.24e-05 | train_ce 1.1371 | aux 4.0083 | EVAL train 1.1854 val 1.4972 | experts [0.26,0.28,0.24,0.22] [0.26,0.26,0.24,0.25] [0.24,0.26,0.25,0.25] [0.25,0.27,0.24,0.25]
step   910 (global  2410) | lr 6.01e-05 | train_ce 1.1595 | aux 4.0094 | experts [0.26,0.29,0.24,0.21] [0.26,0.26,0.25,0.24] [0.24,0.27,0.24,0.25] [0.26,0.25,0.25,0.24]
step   920 (global  2420) | lr 5.80e-05 | train_ce 1.1402 | aux 4.0051 | experts [0.25,0.27,0.23,0.25] [0.26,0.24,0.25,0.25] [0.26,0.26,0.22,0.25] [0.26,0.24,0.25,0.25]
step   930 (global  2430) | lr 5.62e-05 | train_ce 1.1887 | aux 4.0042 | experts [0.24,0.27,0.25,0.23] [0.23,0.26,0.26,0.25] [0.25,0.25,0.25,0.25] [0.25,0.26,0.25,0.24]
step   940 (global  2440) | lr 5.46e-05 | train_ce 1.2028 | aux 4.0138 | experts [0.24,0.29,0.25,0.23] [0.26,0.28,0.23,0.23] [0.25,0.25,0.25,0.25] [0.21,0.27,0.24,0.28]
step   950 (global  2450) | lr 5.32e-05 | train_ce 1.1788 | aux 4.0094 | experts [0.23,0.29,0.23,0.24] [0.25,0.26,0.25,0.24] [0.25,0.25,0.25,0.25] [0.24,0.27,0.23,0.26]
step   960 (global  2460) | lr 5.21e-05 | train_ce 1.1547 | aux 4.0095 | experts [0.23,0.29,0.22,0.26] [0.25,0.27,0.25,0.23] [0.25,0.26,0.26,0.23] [0.23,0.27,0.25,0.25]
step   970 (global  2470) | lr 5.12e-05 | train_ce 1.1834 | aux 4.0033 | experts [0.25,0.27,0.24,0.24] [0.24,0.26,0.25,0.24] [0.25,0.26,0.25,0.25] [0.25,0.26,0.24,0.25]
step   980 (global  2480) | lr 5.05e-05 | train_ce 1.1435 | aux 4.0046 | experts [0.24,0.29,0.24,0.24] [0.24,0.27,0.25,0.24] [0.26,0.26,0.25,0.24] [0.24,0.25,0.26,0.26]
step   990 (global  2490) | lr 5.01e-05 | train_ce 1.1866 | aux 4.0062 | experts [0.23,0.29,0.22,0.25] [0.26,0.25,0.24,0.25] [0.26,0.26,0.26,0.23] [0.24,0.25,0.26,0.25]
step  1000 (global  2500) | lr 5.00e-05 | train_ce 1.1477 | aux 4.0061 | EVAL train 1.1762 val 1.4969 | experts [0.25,0.28,0.22,0.25] [0.24,0.26,0.25,0.25] [0.26,0.25,0.25,0.24] [0.25,0.27,0.24,0.25]
